[chargedaqua.com/index.html]
[backblue.gif]
[fade.gif]
[index.html]
[chargedaqua.com/images/demo/favicon.ico]
[chargedaqua.com/index.php/component/search/indexbce8.html]
[chargedaqua.com/media/jui/js/jquery.mine98c.js]
[chargedaqua.com/media/jui/js/jquery-migrate.mine98c.js]
[chargedaqua.com/media/system/js/captione98c.js]
[chargedaqua.com/media/jui/js/bootstrap.mine98c.js]
[chargedaqua.com/media/system/js/coree98c.js]
[chargedaqua.com/templates/gk_stora/js/modernizr.js]
[chargedaqua.com/templates/gk_stora/js/gk.scripts.js]
[chargedaqua.com/templates/gk_stora/js/gk.menu.js]
[chargedaqua.com/templates/gk_stora/js/scrollreveal.js]
[chargedaqua.com/media/system/js/keepalivee98c.js]
[chargedaqua.com/templates/gk_stora/images/touch-device.png]
[chargedaqua.com/images/demo/logo.png]
[assets.pinterest.com/js/pinmarklet2a3b.js]
[chargedaqua.com/images/list.png]
[apis.google.com/js/platform.js]
[chargedaqua.com/index.html]
[chargedaqua.com/media/system/images/modal/closebox.png]
[chargedaqua.com/media/system/images/modal/spinner.gif]
[chargedaqua.com/media/system/images/modal/bg_n.png]
[chargedaqua.com/media/system/images/modal/bg_ne.png]
[chargedaqua.com/media/system/images/modal/bg_e.png]
[chargedaqua.com/media/system/images/modal/bg_se.png]
[chargedaqua.com/media/system/images/modal/bg_s.png]
[chargedaqua.com/media/system/images/modal/bg_sw.png]
[chargedaqua.com/media/system/images/modal/bg_w.png]
[chargedaqua.com/media/system/images/modal/bg_nw.png]
[chargedaqua.com/media/system/css/modale98c.css]
[chargedaqua.com/templates/gk_stora/css/fonts/FontAwesome/FontAwesome.html]
[chargedaqua.com/templates/gk_stora/css/normalize.css]
[chargedaqua.com/templates/gk_stora/images/joomla/j_button2_left.png]
[chargedaqua.com/templates/gk_stora/images/joomla/j_button2_right.png]
[chargedaqua.com/templates/gk_stora/images/joomla/j_button2_image.png]
[chargedaqua.com/templates/gk_stora/images/joomla/j_button2_readmore.png]
[chargedaqua.com/templates/gk_stora/images/joomla/j_button2_pagebreak.png]
[chargedaqua.com/templates/gk_stora/images/joomla/j_button2_blank.png]
[chargedaqua.com/templates/gk_stora/images/joomla/calendar.png]
[chargedaqua.com/templates/gk_stora/css/system/system.css]
[chargedaqua.com/media/jui/fonts/IcoMoon.eot]
[chargedaqua.com/media/jui/fonts/IcoMoon.woff]
[chargedaqua.com/media/jui/fonts/IcoMoond41d.eot]
[chargedaqua.com/media/jui/fonts/IcoMoon.ttf]
[chargedaqua.com/templates/gk_stora/images/font_size.png]
[chargedaqua.com/templates/gk_stora/images/gavern-logo.png]
[chargedaqua.com/templates/gk_stora/images/k2/star.png]
[chargedaqua.com/templates/gk_stora/images/virtuemart/color-stars.png]
[chargedaqua.com/templates/gk_stora/images/virtuemart/quantity-controls.png]
[chargedaqua.com/templates/gk_stora/images/virtuemart/vm2-sprite.png]
[chargedaqua.com/templates/gk_stora/images/virtuemart/closelabel.png]
[chargedaqua.com/templates/gk_stora/images/fbauth.png]
[chargedaqua.com/templates/gk_stora/css/template.css]
[chargedaqua.com/templates/gk_stora/fonts/Butler/fonts/Butler-UltraLight.woff2]
[chargedaqua.com/templates/gk_stora/fonts/Butler/fonts/Butler-UltraLight.woff]
[chargedaqua.com/templates/gk_stora/fonts/Butler/fonts/Butler-Medium.woff2]
[chargedaqua.com/templates/gk_stora/fonts/Butler/fonts/Butler-Medium.woff]
[chargedaqua.com/templates/gk_stora/fonts/Butler/fonts/Butler-Light.woff2]
[chargedaqua.com/templates/gk_stora/fonts/Butler/fonts/Butler-Light.woff]
[chargedaqua.com/templates/gk_stora/fonts/Butler/fonts/Butler-Black.woff2]
[chargedaqua.com/templates/gk_stora/fonts/Butler/fonts/Butler-Black.woff]
[chargedaqua.com/templates/gk_stora/fonts/Butler/fonts/Butler-Bold.woff2]
[chargedaqua.com/templates/gk_stora/fonts/Butler/fonts/Butler-Bold.woff]
[chargedaqua.com/templates/gk_stora/fonts/Butler/fonts/Butler-ExtraBold.woff2]
[chargedaqua.com/templates/gk_stora/fonts/Butler/fonts/Butler-ExtraBold.woff]
[chargedaqua.com/templates/gk_stora/fonts/Butler/fonts/Butler.woff2]
[chargedaqua.com/templates/gk_stora/fonts/Butler/fonts/Butler.woff]
[chargedaqua.com/templates/gk_stora/fonts/Butler/css/Butler.css]
[chargedaqua.com/templates/gk_stora/fonts/font-awesome/css/font-awesome.html]
[chargedaqua.com/templates/gk_stora/index.html]
[chargedaqua.com/templates/gk_stora/css/small.desktop.css]
[chargedaqua.com/templates/gk_stora/css/tablet.css]
[chargedaqua.com/templates/gk_stora/css/small.tablet.css]
[chargedaqua.com/templates/gk_stora/css/mobile.css]
[chargedaqua.com/media/system/js/punycodee98c.js]
[chargedaqua.com/media/system/js/validatee98c.js]
[chargedaqua.com/index.php/component/users/index1542.html]
[chargedaqua.com/images/virtuemart/category/resized/wall1_300x0.jpg]
[chargedaqua.com/index.php/component/search/index548d.html]
[chargedaqua.com/images/virtuemart/category/resized/under1_300x0.jpg]
[chargedaqua.com/images/virtuemart/category/resized/industrial4_300x0.jpg]
[chargedaqua.com/images/virtuemart/product/resized/77_300x0.jpg]
[chargedaqua.com/images/virtuemart/product/resized/CTOUS_300x0.jpg]
[chargedaqua.com/images/virtuemart/product/resized/99_300x0.jpg]
[chargedaqua.com/images/virtuemart/product/resized/88_300x0.jpg]
[chargedaqua.com/images/virtuemart/product/resized/DIAMOND608_300x0.jpg]
[chargedaqua.com/images/virtuemart/product/resized/554_300x0.jpg]
[chargedaqua.com/images/virtuemart/product/resized/KFTO_300x0.jpg]
[chargedaqua.com/images/virtuemart/product/resized/55_300x0.jpg]
[chargedaqua.com/index.php/shop.html]
[chargedaqua.com/index.php/component/search/index13a8.html]
[chargedaqua.com/images/virtuemart/product/resized/44_300x0.jpg]
[chargedaqua.com/index.php/shop/wall-mounted.html]
[chargedaqua.com/images/virtuemart/product/55.jpg]
[chargedaqua.com/index.php/shop/wall-mounted/sapphire-60.html]
[chargedaqua.com/index.php/component/search/indexa4e3.html]
[chargedaqua.com/images/virtuemart/product/554.jpg]
[chargedaqua.com/index.php/shop/wall-mounted/sapphire-65.html]
[chargedaqua.com/index.php/component/search/index2030.html]
[chargedaqua.com/images/virtuemart/product/88.jpg]
[chargedaqua.com/index.php/component/search/index7c63.html]
[chargedaqua.com/index.php/shop/wall-mounted/diamond-11.html]
[chargedaqua.com/images/virtuemart/product/44.jpg]
[chargedaqua.com/index.php/component/search/indexb18d.html]
[chargedaqua.com/images/Editing-Blur-icon.png]
[chargedaqua.com/index.php/shop/wall-mounted/sapphire-61.html]
[chargedaqua.com/images/virtuemart/product/KFTO.jpg]
[chargedaqua.com/index.php/shop/wall-mounted/sapphire-62.html]
[chargedaqua.com/index.php/component/search/index072a.html]
[chargedaqua.com/index.php/component/search/index3b01.html]
[chargedaqua.com/images/virtuemart/product/resized/sapUC_300x0.jpg]
[chargedaqua.com/index.php/shop/under-sink.html]
[chargedaqua.com/images/virtuemart/product/sapUC.jpg]
[chargedaqua.com/index.php/shop/under-sink/sapphire-63.html]
[chargedaqua.com/index.php/component/search/index28ce.html]
[chargedaqua.com/images/virtuemart/product/DIAMOND608.jpg]
[chargedaqua.com/index.php/shop/under-sink/sapphire-61.html]
[chargedaqua.com/index.php/component/search/indexdd2f.html]
[chargedaqua.com/images/virtuemart/product/99.jpg]
[chargedaqua.com/index.php/component/search/indexcb28.html]
[chargedaqua.com/images/redox.png]
[chargedaqua.com/index.php/shop/under-sink/sapphire-62.html]
[chargedaqua.com/images/virtuemart/product/CTOUS.jpg]
[chargedaqua.com/index.php/shop/under-sink/sapphire-64.html]
[chargedaqua.com/index.php/component/search/index960b.html]
[chargedaqua.com/images/2018_Aquaeca-40.png]
[chargedaqua.com/index.php/component/search/index775b.html]
[chargedaqua.com/images/2018.png]
[chargedaqua.com/images/2018_Aquaeca-40_semiautomatic__LM_Page_05.png]
[chargedaqua.com/images/2018_Aquaeca-40_semiautomatic__LM_Page_10.png]
[chargedaqua.com/images/virtuemart/product/resized/60111_300x0.jpg]
[chargedaqua.com/images/virtuemart/product/resized/12_300x0.jpg]
[chargedaqua.com/index.php/shop/industrial.html]
[chargedaqua.com/index.php/component/search/index7d2f.html]
[chargedaqua.com/media/jui/js/bootstrap-tooltip-extended.mine98c.js]
[chargedaqua.com/media/contacts/images/con_address.png]
[chargedaqua.com/media/contacts/images/con_tel.png]
[chargedaqua.com/index.php/contact-us.html]
[chargedaqua.com/index576b.html]
[chargedaqua.com/index.php/component/users/index69c8.html]
[chargedaqua.com/index.php/component/users/index621d.html]
[chargedaqua.com/index.php/component/users/indexcba6.html]
[chargedaqua.com/media/jui/fonts/IcoMoon.svg]
[chargedaqua.com/index.php/component/search/indexf758.html]
[chargedaqua.com/index.php/shop/dirDesc4176.html]
[chargedaqua.com/index.php/shop/by,product_name4176.html]
[chargedaqua.com/index.php/shop/by,product_sku4176.html]
[chargedaqua.com/index.php/shop/by,mf_name4176.html]
[chargedaqua.com/index.php/shop/by,ordering4176.html]
[chargedaqua.com/index.php/shop14fa.html]
[chargedaqua.com/images/virtuemart/product/77.jpg]
[chargedaqua.com/index.php/shop/industrial/automatic-detail.html]
[chargedaqua.com/index.php/shop/wall-mounted/dirDesc4176.html]
[chargedaqua.com/index.php/shop/wall-mounted/by,product_name4176.html]
[chargedaqua.com/index.php/shop/wall-mounted/by,product_sku4176.html]
[chargedaqua.com/index.php/shop/wall-mounted/by,mf_name4176.html]
[chargedaqua.com/index.php/shop/wall-mounted/by,ordering4176.html]
[chargedaqua.com/index.php/shop/under-sink/dirDesc4176.html]
[chargedaqua.com/index.php/shop/under-sink/by,product_name4176.html]
[chargedaqua.com/index.php/shop/under-sink/by,product_sku4176.html]
[chargedaqua.com/index.php/shop/under-sink/by,mf_name4176.html]
[chargedaqua.com/index.php/shop/under-sink/by,ordering4176.html]
[chargedaqua.com/index.php/shop/industrial/dirDesc4176.html]
[chargedaqua.com/index.php/shop/industrial/by,product_name4176.html]
[chargedaqua.com/index.php/shop/industrial/by,product_sku4176.html]
[chargedaqua.com/index.php/shop/industrial/by,mf_name4176.html]
[chargedaqua.com/index.php/shop/industrial/by,ordering4176.html]
[chargedaqua.com/images/virtuemart/product/60111.jpg]
[chargedaqua.com/index.php/shop/industrial/manual-detail.html]
[chargedaqua.com/images/virtuemart/product/12.jpg]
[chargedaqua.com/index.php/shop/industrial/semi-automatic-detail.html]
[chargedaqua.com/media/jui/css/bootstrap-tooltip-extendede98c.css]
[chargedaqua.com/index.php/shop4176.html]
[chargedaqua.com/index.php/shop/dirDesc/results,9-16.html]
[chargedaqua.com/index.php/shop/by,product_name/dirDesc4176.html]
[chargedaqua.com/index.php/shop/by,product_name/results,9-16.html]
[chargedaqua.com/index.php/shop/by,`p`.product_sku/dirDesc4176.html]
[chargedaqua.com/index.php/shop/by,product_sku/results,9-16.html]
[chargedaqua.com/index.php/shop/by,mf_name/dirDesc4176.html]
[chargedaqua.com/index.php/shop/by,mf_name/results,9-16.html]
[chargedaqua.com/index.php/shop/by,ordering/results,9-16.html]
[chargedaqua.com/index.php/shop/dirDesc/results,9-164176.html]
[chargedaqua.com/index.php/shop/by,product_name/results,9-164176.html]
[chargedaqua.com/index.php/shop/by,product_sku/results,9-164176.html]
[chargedaqua.com/index.php/shop/by,mf_name/results,9-164176.html]
[chargedaqua.com/index.php/shop/by,ordering/results,9-164176.html]
[chargedaqua.com/index.php/shop0654.html]
[chargedaqua.com/index.php/shop/wall-mounted4176.html]
[chargedaqua.com/index.php/shop/wall-mounted/by,product_name/dirDesc4176.html]
[chargedaqua.com/index.php/shop/wall-mounted/by,`p`.product_sku/dirDesc4176.html]
[chargedaqua.com/index.php/shop/wall-mounted/by,mf_name/dirDesc4176.html]
[chargedaqua.com/index.php/shop/under-sink4176.html]
[chargedaqua.com/index.php/shop/under-sink/by,product_name/dirDesc4176.html]
[chargedaqua.com/index.php/shop/under-sink/by,`p`.product_sku/dirDesc4176.html]
[chargedaqua.com/index.php/shop/under-sink/by,mf_name/dirDesc4176.html]
[chargedaqua.com/index.php/shop/industrial4176.html]
[chargedaqua.com/index.php/shop/industrial/by,product_name/dirDesc4176.html]
[chargedaqua.com/index.php/shop/industrial/by,`p`.product_sku/dirDesc4176.html]
[chargedaqua.com/index.php/shop/industrial/by,mf_name/dirDesc4176.html]
[chargedaqua.com/index.php/shop/results,9-164176.html]
[chargedaqua.com/index.php/shop/dirDesc.html]
[chargedaqua.com/index.php/shop/by,product_name/dirDesc/results,9-16.html]
[chargedaqua.com/index.php/shop/by,product_name/dirDesc/results,9-164176.html]
[chargedaqua.com/index.php/shop/by,product_name.html]
[chargedaqua.com/index.php/shop/by,`p`4176.html]
[chargedaqua.com/index.php/shop/by,`p`.product_sku/dirDesc/results,9-16.html]
[chargedaqua.com/index.php/shop/by,`p`.product_sku/dirDesc/results,9-164176.html]
[chargedaqua.com/index.php/shop/by,product_sku.html]
[chargedaqua.com/index.php/shop/by,mf_name/dirDesc/results,9-16.html]
[chargedaqua.com/index.php/shop/by,mf_name/dirDesc/results,9-164176.html]
[chargedaqua.com/index.php/shop/by,mf_name.html]
[chargedaqua.com/index.php/shop/by,ordering.html]
[chargedaqua.com/index.php/shop/wall-mounted/by,`p`4176.html]
[chargedaqua.com/index.php/shop/under-sink/by,`p`4176.html]
[chargedaqua.com/index.php/shop/industrial/by,`p`4176.html]
[chargedaqua.com/index.php/shop/by,product_name/dirDesc.html]
[chargedaqua.com/index.php/shop/by,`p`.product_sku/results,9-16.html]
[chargedaqua.com/index.php/shop/by,`p`.product_sku/results,9-164176.html]
[chargedaqua.com/index.php/shop/by,`p`.product_sku/dirDesc.html]
[chargedaqua.com/index.php/shop/by,mf_name/dirDesc.html]
[chargedaqua.com/index.php/shop/by,`p`.html]
